Pseudo-terminal will not be allocated because stdin is not a terminal.
Could not stat /Users/fahadalotaibi/.ssh: Operation not permitted
Failed to add the host to the list of known hosts (/Users/fahadalotaibi/.ssh/known_hosts).
Allocated port 2 for remote forward to localhost:3000
You are not authenticated.
Your tunnel will expire in 60 minutes. Upgrade to Pinggy Pro to get unrestricted tunnels. https://dashboard.pinggy.io
http://kyohe-2a02-cb81-1100-2e12-8823-4007-e031-e9a0.run.pinggy-free.link
https://kyohe-2a02-cb81-1100-2e12-8823-4007-e031-e9a0.run.pinggy-free.link



===========================
Time exceeded
===========================



Connection to a.pinggy.io closed by remote host.
Pseudo-terminal will not be allocated because stdin is not a terminal.
Could not stat /Users/fahadalotaibi/.ssh: Operation not permitted
Failed to add the host to the list of known hosts (/Users/fahadalotaibi/.ssh/known_hosts).
Allocated port 6 for remote forward to localhost:3000
You are not authenticated.
Your tunnel will expire in 60 minutes. Upgrade to Pinggy Pro to get unrestricted tunnels. https://dashboard.pinggy.io
http://xfdww-93-178-7-56.run.pinggy-free.link
https://xfdww-93-178-7-56.run.pinggy-free.link



===========================
Time exceeded
===========================



Connection to a.pinggy.io closed by remote host.
Pseudo-terminal will not be allocated because stdin is not a terminal.
Could not stat /Users/fahadalotaibi/.ssh: Operation not permitted
Failed to add the host to the list of known hosts (/Users/fahadalotaibi/.ssh/known_hosts).
Allocated port 1 for remote forward to localhost:3000
You are not authenticated.
Your tunnel will expire in 60 minutes. Upgrade to Pinggy Pro to get unrestricted tunnels. https://dashboard.pinggy.io
http://vebtz-2a02-cb81-1100-2e12-8823-4007-e031-e9a0.run.pinggy-free.link
https://vebtz-2a02-cb81-1100-2e12-8823-4007-e031-e9a0.run.pinggy-free.link



===========================
Time exceeded
===========================



Connection to a.pinggy.io closed by remote host.
Pseudo-terminal will not be allocated because stdin is not a terminal.
Could not stat /Users/fahadalotaibi/.ssh: Operation not permitted
Failed to add the host to the list of known hosts (/Users/fahadalotaibi/.ssh/known_hosts).
Allocated port 4 for remote forward to localhost:3000
You are not authenticated.
Your tunnel will expire in 60 minutes. Upgrade to Pinggy Pro to get unrestricted tunnels. https://dashboard.pinggy.io
http://izbtf-2a02-cb81-1100-2e12-8823-4007-e031-e9a0.run.pinggy-free.link
https://izbtf-2a02-cb81-1100-2e12-8823-4007-e031-e9a0.run.pinggy-free.link



===========================
Time exceeded
===========================



Connection to a.pinggy.io closed by remote host.
Pseudo-terminal will not be allocated because stdin is not a terminal.
Could not stat /Users/fahadalotaibi/.ssh: Operation not permitted
Failed to add the host to the list of known hosts (/Users/fahadalotaibi/.ssh/known_hosts).
Allocated port 8 for remote forward to localhost:3000
You are not authenticated.
Your tunnel will expire in 60 minutes. Upgrade to Pinggy Pro to get unrestricted tunnels. https://dashboard.pinggy.io
http://cyewo-93-178-7-56.run.pinggy-free.link
https://cyewo-93-178-7-56.run.pinggy-free.link
Read from remote host a.pinggy.io: Can't assign requested address
client_loop: send disconnect: Broken pipe
Pseudo-terminal will not be allocated because stdin is not a terminal.
Could not stat /Users/fahadalotaibi/.ssh: Operation not permitted
Failed to add the host to the list of known hosts (/Users/fahadalotaibi/.ssh/known_hosts).
Allocated port 2 for remote forward to localhost:3000
You are not authenticated.
Your tunnel will expire in 60 minutes. Upgrade to Pinggy Pro to get unrestricted tunnels. https://dashboard.pinggy.io
http://mpvcf-93-178-7-56.run.pinggy-free.link
https://mpvcf-93-178-7-56.run.pinggy-free.link



===========================
Time exceeded
===========================



Connection to a.pinggy.io closed by remote host.
Pseudo-terminal will not be allocated because stdin is not a terminal.
Could not stat /Users/fahadalotaibi/.ssh: Operation not permitted
Failed to add the host to the list of known hosts (/Users/fahadalotaibi/.ssh/known_hosts).
Allocated port 1 for remote forward to localhost:3000
You are not authenticated.
Your tunnel will expire in 60 minutes. Upgrade to Pinggy Pro to get unrestricted tunnels. https://dashboard.pinggy.io
http://okghq-93-178-7-56.run.pinggy-free.link
https://okghq-93-178-7-56.run.pinggy-free.link



===========================
Time exceeded
===========================



Connection to a.pinggy.io closed by remote host.
Pseudo-terminal will not be allocated because stdin is not a terminal.
Could not stat /Users/fahadalotaibi/.ssh: Operation not permitted
Failed to add the host to the list of known hosts (/Users/fahadalotaibi/.ssh/known_hosts).
Allocated port 1 for remote forward to localhost:3000
You are not authenticated.
Your tunnel will expire in 60 minutes. Upgrade to Pinggy Pro to get unrestricted tunnels. https://dashboard.pinggy.io
http://esvvj-2a02-cb81-1100-2e12-5d8f-4365-f036-583.run.pinggy-free.link
https://esvvj-2a02-cb81-1100-2e12-5d8f-4365-f036-583.run.pinggy-free.link



===========================
Time exceeded
===========================



Connection to a.pinggy.io closed by remote host.
Pseudo-terminal will not be allocated because stdin is not a terminal.
Could not stat /Users/fahadalotaibi/.ssh: Operation not permitted
Failed to add the host to the list of known hosts (/Users/fahadalotaibi/.ssh/known_hosts).
Allocated port 2 for remote forward to localhost:3000
You are not authenticated.
Your tunnel will expire in 60 minutes. Upgrade to Pinggy Pro to get unrestricted tunnels. https://dashboard.pinggy.io
http://ufbwd-2a02-cb81-1100-2e12-5d8f-4365-f036-583.run.pinggy-free.link
https://ufbwd-2a02-cb81-1100-2e12-5d8f-4365-f036-583.run.pinggy-free.link
Connection to a.pinggy.io closed by remote host.
client_loop: send disconnect: Broken pipe
Pseudo-terminal will not be allocated because stdin is not a terminal.
Could not stat /Users/fahadalotaibi/.ssh: Operation not permitted
Failed to add the host to the list of known hosts (/Users/fahadalotaibi/.ssh/known_hosts).
Allocated port 3 for remote forward to localhost:3000
You are not authenticated.
Your tunnel will expire in 60 minutes. Upgrade to Pinggy Pro to get unrestricted tunnels. https://dashboard.pinggy.io
http://fgsnp-2a02-cb81-1100-2e12-5d8f-4365-f036-583.run.pinggy-free.link
https://fgsnp-2a02-cb81-1100-2e12-5d8f-4365-f036-583.run.pinggy-free.link
Connection to a.pinggy.io closed by remote host.
client_loop: send disconnect: Broken pipe
Pseudo-terminal will not be allocated because stdin is not a terminal.
Could not stat /Users/fahadalotaibi/.ssh: Operation not permitted
Failed to add the host to the list of known hosts (/Users/fahadalotaibi/.ssh/known_hosts).
Allocated port 7 for remote forward to localhost:3000
You are not authenticated.
Your tunnel will expire in 60 minutes. Upgrade to Pinggy Pro to get unrestricted tunnels. https://dashboard.pinggy.io
http://gdcbf-2a02-cb81-1100-2e12-5d8f-4365-f036-583.run.pinggy-free.link
https://gdcbf-2a02-cb81-1100-2e12-5d8f-4365-f036-583.run.pinggy-free.link



===========================
Time exceeded
===========================



Connection to a.pinggy.io closed by remote host.
Pseudo-terminal will not be allocated because stdin is not a terminal.
Could not stat /Users/fahadalotaibi/.ssh: Operation not permitted
Failed to add the host to the list of known hosts (/Users/fahadalotaibi/.ssh/known_hosts).
Allocated port 5 for remote forward to localhost:3000
You are not authenticated.
Your tunnel will expire in 60 minutes. Upgrade to Pinggy Pro to get unrestricted tunnels. https://dashboard.pinggy.io
http://gxjel-2a02-cb81-1100-2e12-5d8f-4365-f036-583.run.pinggy-free.link
https://gxjel-2a02-cb81-1100-2e12-5d8f-4365-f036-583.run.pinggy-free.link



===========================
Time exceeded
===========================



Connection to a.pinggy.io closed by remote host.
Pseudo-terminal will not be allocated because stdin is not a terminal.
Could not stat /Users/fahadalotaibi/.ssh: Operation not permitted
Failed to add the host to the list of known hosts (/Users/fahadalotaibi/.ssh/known_hosts).
Allocated port 2 for remote forward to localhost:3000
You are not authenticated.
Your tunnel will expire in 60 minutes. Upgrade to Pinggy Pro to get unrestricted tunnels. https://dashboard.pinggy.io
http://sywef-2a02-cb81-1100-2e12-5d8f-4365-f036-583.run.pinggy-free.link
https://sywef-2a02-cb81-1100-2e12-5d8f-4365-f036-583.run.pinggy-free.link



===========================
Time exceeded
===========================



Connection to a.pinggy.io closed by remote host.
Pseudo-terminal will not be allocated because stdin is not a terminal.
Could not stat /Users/fahadalotaibi/.ssh: Operation not permitted
Failed to add the host to the list of known hosts (/Users/fahadalotaibi/.ssh/known_hosts).
Allocated port 7 for remote forward to localhost:3000
You are not authenticated.
Your tunnel will expire in 60 minutes. Upgrade to Pinggy Pro to get unrestricted tunnels. https://dashboard.pinggy.io
http://xodid-2a02-cb81-1100-2e12-5d8f-4365-f036-583.run.pinggy-free.link
https://xodid-2a02-cb81-1100-2e12-5d8f-4365-f036-583.run.pinggy-free.link
Connection to a.pinggy.io closed by remote host.
client_loop: send disconnect: Broken pipe
Pseudo-terminal will not be allocated because stdin is not a terminal.
Could not stat /Users/fahadalotaibi/.ssh: Operation not permitted
Failed to add the host to the list of known hosts (/Users/fahadalotaibi/.ssh/known_hosts).
Allocated port 3 for remote forward to localhost:3000
You are not authenticated.
Your tunnel will expire in 60 minutes. Upgrade to Pinggy Pro to get unrestricted tunnels. https://dashboard.pinggy.io
http://ysggx-2a02-cb81-1100-2e12-890b-995c-2e27-c8cd.run.pinggy-free.link
https://ysggx-2a02-cb81-1100-2e12-890b-995c-2e27-c8cd.run.pinggy-free.link



===========================
Time exceeded
===========================



Connection to a.pinggy.io closed by remote host.
Pseudo-terminal will not be allocated because stdin is not a terminal.
Could not stat /Users/fahadalotaibi/.ssh: Operation not permitted
Failed to add the host to the list of known hosts (/Users/fahadalotaibi/.ssh/known_hosts).
Allocated port 7 for remote forward to localhost:3000
You are not authenticated.
Your tunnel will expire in 60 minutes. Upgrade to Pinggy Pro to get unrestricted tunnels. https://dashboard.pinggy.io
http://xkpap-2a02-cb81-1100-2e12-890b-995c-2e27-c8cd.run.pinggy-free.link
https://xkpap-2a02-cb81-1100-2e12-890b-995c-2e27-c8cd.run.pinggy-free.link



===========================
Time exceeded
===========================



Connection to a.pinggy.io closed by remote host.
Pseudo-terminal will not be allocated because stdin is not a terminal.
Could not stat /Users/fahadalotaibi/.ssh: Operation not permitted
Failed to add the host to the list of known hosts (/Users/fahadalotaibi/.ssh/known_hosts).
Allocated port 4 for remote forward to localhost:3000
You are not authenticated.
Your tunnel will expire in 60 minutes. Upgrade to Pinggy Pro to get unrestricted tunnels. https://dashboard.pinggy.io
http://jkxev-2a02-cb81-1100-2e12-890b-995c-2e27-c8cd.run.pinggy-free.link
https://jkxev-2a02-cb81-1100-2e12-890b-995c-2e27-c8cd.run.pinggy-free.link



===========================
Time exceeded
===========================



Connection to a.pinggy.io closed by remote host.
Pseudo-terminal will not be allocated because stdin is not a terminal.
Could not stat /Users/fahadalotaibi/.ssh: Operation not permitted
Failed to add the host to the list of known hosts (/Users/fahadalotaibi/.ssh/known_hosts).
Allocated port 4 for remote forward to localhost:3000
You are not authenticated.
Your tunnel will expire in 60 minutes. Upgrade to Pinggy Pro to get unrestricted tunnels. https://dashboard.pinggy.io
http://gorjb-2a02-cb81-1100-2e12-890b-995c-2e27-c8cd.run.pinggy-free.link
https://gorjb-2a02-cb81-1100-2e12-890b-995c-2e27-c8cd.run.pinggy-free.link
Connection to a.pinggy.io closed by remote host.
client_loop: send disconnect: Broken pipe
Pseudo-terminal will not be allocated because stdin is not a terminal.
ssh: connect to host a.pinggy.io port 443: Undefined error: 0
Pseudo-terminal will not be allocated because stdin is not a terminal.
ssh: connect to host a.pinggy.io port 443: Undefined error: 0
Pseudo-terminal will not be allocated because stdin is not a terminal.
ssh: connect to host a.pinggy.io port 443: Undefined error: 0
Pseudo-terminal will not be allocated because stdin is not a terminal.
ssh: connect to host a.pinggy.io port 443: Undefined error: 0
Pseudo-terminal will not be allocated because stdin is not a terminal.
ssh: connect to host a.pinggy.io port 443: Undefined error: 0
Pseudo-terminal will not be allocated because stdin is not a terminal.
ssh: connect to host a.pinggy.io port 443: Undefined error: 0
Pseudo-terminal will not be allocated because stdin is not a terminal.
ssh: connect to host a.pinggy.io port 443: Undefined error: 0
Pseudo-terminal will not be allocated because stdin is not a terminal.
ssh: connect to host a.pinggy.io port 443: Undefined error: 0
Pseudo-terminal will not be allocated because stdin is not a terminal.
ssh: connect to host a.pinggy.io port 443: Undefined error: 0
Pseudo-terminal will not be allocated because stdin is not a terminal.
ssh: connect to host a.pinggy.io port 443: Undefined error: 0
Pseudo-terminal will not be allocated because stdin is not a terminal.
ssh: connect to host a.pinggy.io port 443: Undefined error: 0
Pseudo-terminal will not be allocated because stdin is not a terminal.
ssh: connect to host a.pinggy.io port 443: Undefined error: 0
Pseudo-terminal will not be allocated because stdin is not a terminal.
ssh: connect to host a.pinggy.io port 443: Undefined error: 0
Pseudo-terminal will not be allocated because stdin is not a terminal.
ssh: connect to host a.pinggy.io port 443: Undefined error: 0
Pseudo-terminal will not be allocated because stdin is not a terminal.
ssh: connect to host a.pinggy.io port 443: Undefined error: 0
Pseudo-terminal will not be allocated because stdin is not a terminal.
ssh: connect to host a.pinggy.io port 443: Undefined error: 0
Pseudo-terminal will not be allocated because stdin is not a terminal.
ssh: connect to host a.pinggy.io port 443: Undefined error: 0
Pseudo-terminal will not be allocated because stdin is not a terminal.
ssh: connect to host a.pinggy.io port 443: Undefined error: 0
Pseudo-terminal will not be allocated because stdin is not a terminal.
ssh: connect to host a.pinggy.io port 443: Undefined error: 0
Pseudo-terminal will not be allocated because stdin is not a terminal.
ssh: connect to host a.pinggy.io port 443: Undefined error: 0
Pseudo-terminal will not be allocated because stdin is not a terminal.
ssh: connect to host a.pinggy.io port 443: Undefined error: 0
Pseudo-terminal will not be allocated because stdin is not a terminal.
ssh: connect to host a.pinggy.io port 443: Undefined error: 0
Pseudo-terminal will not be allocated because stdin is not a terminal.
Could not stat /Users/fahadalotaibi/.ssh: Operation not permitted
Failed to add the host to the list of known hosts (/Users/fahadalotaibi/.ssh/known_hosts).
Allocated port 4 for remote forward to localhost:3000
You are not authenticated.
Your tunnel will expire in 60 minutes. Upgrade to Pinggy Pro to get unrestricted tunnels. https://dashboard.pinggy.io
http://uynwe-77-31-216-143.run.pinggy-free.link
https://uynwe-77-31-216-143.run.pinggy-free.link
Timeout, server a.pinggy.io not responding.
Pseudo-terminal will not be allocated because stdin is not a terminal.
Could not stat /Users/fahadalotaibi/.ssh: Operation not permitted
Failed to add the host to the list of known hosts (/Users/fahadalotaibi/.ssh/known_hosts).
Allocated port 7 for remote forward to localhost:3000
You are not authenticated.
Your tunnel will expire in 60 minutes. Upgrade to Pinggy Pro to get unrestricted tunnels. https://dashboard.pinggy.io
http://ojjmy-51-252-129-243.run.pinggy-free.link
https://ojjmy-51-252-129-243.run.pinggy-free.link
Read from remote host a.pinggy.io: Can't assign requested address
client_loop: send disconnect: Broken pipe
Pseudo-terminal will not be allocated because stdin is not a terminal.
Could not stat /Users/fahadalotaibi/.ssh: Operation not permitted
Failed to add the host to the list of known hosts (/Users/fahadalotaibi/.ssh/known_hosts).
Allocated port 2 for remote forward to localhost:3000
You are not authenticated.
Your tunnel will expire in 60 minutes. Upgrade to Pinggy Pro to get unrestricted tunnels. https://dashboard.pinggy.io
http://yqoar-51-36-226-68.run.pinggy-free.link
https://yqoar-51-36-226-68.run.pinggy-free.link
